// Jest Snapshot v1, https://goo.gl/fbAQLP

exports[`Test recipes renders correctly 1`] = `
<category
  category={
    Object {
      "date_created": "Wed, 20 Feb 2018 11:31:50 GMT",
      "date_modified": "Wed, 20 Feb 2018 11:31:50 GMT",
      "description": "This is a test category",
      "id": 1,
      "name": "Test category",
    }
  }
  request={[Function]}
  viewRecipes={[Function]}
/>
`;
