// Jest Snapshot v1, https://goo.gl/fbAQLP

exports[`Confirm delete tests renders correctly 1`] = `
<div
  className="modal fade"
  id="deleteCategoryModel1"
  role="dialog"
  tabIndex="-1"
>
  <div
    className="modal-dialog"
    role="document"
  >
    <div
      className="modal-content"
    >
      <div
        className="modal-header"
      >
        <h5
          className="modal-title"
          id="exampleModalLabel"
        >
          Delete
        </h5>
        <button
          aria-label="Close"
          className="close"
          data-dismiss="modal"
          type="button"
        >
          <span
            aria-hidden="true"
          >
            Ã—
          </span>
        </button>
      </div>
      <div
        className="modal-body"
      >
        Are you sure you want to delete?
      </div>
      <div
        className="modal-footer"
      >
        <button
          className="btn btn-secondary"
          data-dismiss="modal"
          id="cancel"
          onClick={[Function]}
          type="button"
        >
          Cancel
        </button>
        <button
          className="btn btn-primary"
          data-dismiss="modal"
          onClick={[Function]}
          type="button"
        >
          Delete
        </button>
      </div>
    </div>
  </div>
</div>
`;
