// Jest Snapshot v1, https://goo.gl/fbAQLP

exports[`renders correctly 1`] = `
<span
  style={
    Object {
      "color": "#ae5856",
    }
  }
>
  err..
</span>
`;
