// Jest Snapshot v1, https://goo.gl/fbAQLP

exports[`renders correctly 1`] = `
<div>
  <h3
    className="logo text-center mb-3"
  >
    Doof Recipes App
  </h3>
  <p
    className="grey-text text-center mb-5"
  >
    Record your favourite recipes 
  </p>
</div>
`;
